[0.056s] DEBUG:colcon:Command line arguments: ['/usr/bin/colcon', 'build', '--symlink-install', '--packages-select', 'in_class_day03']
[0.056s] DEBUG:colcon:Parsed command line arguments: Namespace(log_base=None, log_level=None, verb_name='build', build_base='build', install_base='install', merge_install=False, symlink_install=True, test_result_base=None, continue_on_error=False, executor='parallel', parallel_workers=16, event_handlers=None, ignore_user_meta=False, metas=['./colcon.meta'], base_paths=['.'], packages_ignore=None, packages_ignore_regex=None, paths=None, packages_up_to=None, packages_up_to_regex=None, packages_above=None, packages_above_and_dependencies=None, packages_above_depth=None, packages_select_by_dep=None, packages_skip_by_dep=None, packages_skip_up_to=None, packages_select_build_failed=False, packages_skip_build_finished=False, packages_select_test_failures=False, packages_skip_test_passed=False, packages_select=['in_class_day03'], packages_skip=None, packages_select_regex=None, packages_skip_regex=None, packages_start=None, packages_end=None, allow_overriding=[], cmake_args=None, cmake_target=None, cmake_target_skip_unavailable=False, cmake_clean_cache=False, cmake_clean_first=False, cmake_force_configure=False, ament_cmake_args=None, catkin_cmake_args=None, catkin_skip_building_tests=False, verb_parser=<colcon_defaults.argument_parser.defaults.DefaultArgumentsDecorator object at 0x7e6b349ac140>, verb_extension=<colcon_core.verb.build.BuildVerb object at 0x7e6b3497be60>, main=<bound method BuildVerb.main of <colcon_core.verb.build.BuildVerb object at 0x7e6b3497be60>>)
[0.076s] Level 1:colcon.colcon_core.package_discovery:discover_packages(colcon_meta) check parameters
[0.076s] Level 1:colcon.colcon_core.package_discovery:discover_packages(recursive) check parameters
[0.076s] Level 1:colcon.colcon_core.package_discovery:discover_packages(ignore) check parameters
[0.076s] Level 1:colcon.colcon_core.package_discovery:discover_packages(path) check parameters
[0.076s] Level 1:colcon.colcon_core.package_discovery:discover_packages(colcon_meta) discover
[0.076s] Level 1:colcon.colcon_core.package_discovery:discover_packages(recursive) discover
[0.076s] INFO:colcon.colcon_core.package_discovery:Crawling recursively for packages in '/home/aditilagisetty/ros2_ws/src/class_activities_and_resources'
[0.076s] Level 1:colcon.colcon_core.package_identification:_identify(.) by extensions ['ignore', 'ignore_ament_install']
[0.076s] Level 1:colcon.colcon_core.package_identification:_identify(.) by extension 'ignore'
[0.076s] Level 1:colcon.colcon_core.package_identification:_identify(.) by extension 'ignore_ament_install'
[0.076s] Level 1:colcon.colcon_core.package_identification:_identify(.) by extensions ['colcon_pkg']
[0.076s] Level 1:colcon.colcon_core.package_identification:_identify(.) by extension 'colcon_pkg'
[0.076s] Level 1:colcon.colcon_core.package_identification:_identify(.) by extensions ['colcon_meta']
[0.076s] Level 1:colcon.colcon_core.package_identification:_identify(.) by extension 'colcon_meta'
[0.076s] Level 1:colcon.colcon_core.package_identification:_identify(.) by extensions ['ros']
[0.076s] Level 1:colcon.colcon_core.package_identification:_identify(.) by extension 'ros'
[0.089s] Level 1:colcon.colcon_core.package_identification:_identify(.) by extensions ['cmake', 'python']
[0.089s] Level 1:colcon.colcon_core.package_identification:_identify(.) by extension 'cmake'
[0.089s] Level 1:colcon.colcon_core.package_identification:_identify(.) by extension 'python'
[0.089s] Level 1:colcon.colcon_core.package_identification:_identify(.) by extensions ['python_setup_py']
[0.089s] Level 1:colcon.colcon_core.package_identification:_identify(.) by extension 'python_setup_py'
[0.089s] Level 1:colcon.colcon_core.package_identification:_identify(build) by extensions ['ignore', 'ignore_ament_install']
[0.089s] Level 1:colcon.colcon_core.package_identification:_identify(build) by extension 'ignore'
[0.089s] Level 1:colcon.colcon_core.package_identification:_identify(build) ignored
[0.090s] Level 1:colcon.colcon_core.package_identification:_identify(draw_square_with_estop) by extensions ['ignore', 'ignore_ament_install']
[0.090s] Level 1:colcon.colcon_core.package_identification:_identify(draw_square_with_estop) by extension 'ignore'
[0.090s] Level 1:colcon.colcon_core.package_identification:_identify(draw_square_with_estop) by extension 'ignore_ament_install'
[0.090s] Level 1:colcon.colcon_core.package_identification:_identify(draw_square_with_estop) by extensions ['colcon_pkg']
[0.090s] Level 1:colcon.colcon_core.package_identification:_identify(draw_square_with_estop) by extension 'colcon_pkg'
[0.090s] Level 1:colcon.colcon_core.package_identification:_identify(draw_square_with_estop) by extensions ['colcon_meta']
[0.090s] Level 1:colcon.colcon_core.package_identification:_identify(draw_square_with_estop) by extension 'colcon_meta'
[0.090s] Level 1:colcon.colcon_core.package_identification:_identify(draw_square_with_estop) by extensions ['ros']
[0.090s] Level 1:colcon.colcon_core.package_identification:_identify(draw_square_with_estop) by extension 'ros'
[0.091s] DEBUG:colcon.colcon_core.package_identification:Package 'draw_square_with_estop' with type 'ros.ament_python' and name 'draw_square_with_estop'
[0.091s] Level 1:colcon.colcon_core.package_identification:_identify(draw_square_with_estop_cplusplus) by extensions ['ignore', 'ignore_ament_install']
[0.091s] Level 1:colcon.colcon_core.package_identification:_identify(draw_square_with_estop_cplusplus) by extension 'ignore'
[0.091s] Level 1:colcon.colcon_core.package_identification:_identify(draw_square_with_estop_cplusplus) by extension 'ignore_ament_install'
[0.092s] Level 1:colcon.colcon_core.package_identification:_identify(draw_square_with_estop_cplusplus) by extensions ['colcon_pkg']
[0.092s] Level 1:colcon.colcon_core.package_identification:_identify(draw_square_with_estop_cplusplus) by extension 'colcon_pkg'
[0.092s] Level 1:colcon.colcon_core.package_identification:_identify(draw_square_with_estop_cplusplus) by extensions ['colcon_meta']
[0.092s] Level 1:colcon.colcon_core.package_identification:_identify(draw_square_with_estop_cplusplus) by extension 'colcon_meta'
[0.092s] Level 1:colcon.colcon_core.package_identification:_identify(draw_square_with_estop_cplusplus) by extensions ['ros']
[0.092s] Level 1:colcon.colcon_core.package_identification:_identify(draw_square_with_estop_cplusplus) by extension 'ros'
[0.092s] DEBUG:colcon.colcon_core.package_identification:Package 'draw_square_with_estop_cplusplus' with type 'ros.ament_cmake' and name 'draw_square_with_estop_cplusplus'
[0.092s] Level 1:colcon.colcon_core.package_identification:_identify(in_class_day02) by extensions ['ignore', 'ignore_ament_install']
[0.092s] Level 1:colcon.colcon_core.package_identification:_identify(in_class_day02) by extension 'ignore'
[0.092s] Level 1:colcon.colcon_core.package_identification:_identify(in_class_day02) by extension 'ignore_ament_install'
[0.092s] Level 1:colcon.colcon_core.package_identification:_identify(in_class_day02) by extensions ['colcon_pkg']
[0.092s] Level 1:colcon.colcon_core.package_identification:_identify(in_class_day02) by extension 'colcon_pkg'
[0.092s] Level 1:colcon.colcon_core.package_identification:_identify(in_class_day02) by extensions ['colcon_meta']
[0.092s] Level 1:colcon.colcon_core.package_identification:_identify(in_class_day02) by extension 'colcon_meta'
[0.092s] Level 1:colcon.colcon_core.package_identification:_identify(in_class_day02) by extensions ['ros']
[0.092s] Level 1:colcon.colcon_core.package_identification:_identify(in_class_day02) by extension 'ros'
[0.092s] DEBUG:colcon.colcon_core.package_identification:Package 'in_class_day02' with type 'ros.ament_python' and name 'in_class_day02'
[0.092s] Level 1:colcon.colcon_core.package_identification:_identify(in_class_day02_solutions) by extensions ['ignore', 'ignore_ament_install']
[0.092s] Level 1:colcon.colcon_core.package_identification:_identify(in_class_day02_solutions) by extension 'ignore'
[0.092s] Level 1:colcon.colcon_core.package_identification:_identify(in_class_day02_solutions) by extension 'ignore_ament_install'
[0.092s] Level 1:colcon.colcon_core.package_identification:_identify(in_class_day02_solutions) by extensions ['colcon_pkg']
[0.092s] Level 1:colcon.colcon_core.package_identification:_identify(in_class_day02_solutions) by extension 'colcon_pkg'
[0.093s] Level 1:colcon.colcon_core.package_identification:_identify(in_class_day02_solutions) by extensions ['colcon_meta']
[0.093s] Level 1:colcon.colcon_core.package_identification:_identify(in_class_day02_solutions) by extension 'colcon_meta'
[0.093s] Level 1:colcon.colcon_core.package_identification:_identify(in_class_day02_solutions) by extensions ['ros']
[0.093s] Level 1:colcon.colcon_core.package_identification:_identify(in_class_day02_solutions) by extension 'ros'
[0.093s] DEBUG:colcon.colcon_core.package_identification:Package 'in_class_day02_solutions' with type 'ros.ament_python' and name 'in_class_day02_solutions'
[0.093s] Level 1:colcon.colcon_core.package_identification:_identify(in_class_day03) by extensions ['ignore', 'ignore_ament_install']
[0.093s] Level 1:colcon.colcon_core.package_identification:_identify(in_class_day03) by extension 'ignore'
[0.093s] Level 1:colcon.colcon_core.package_identification:_identify(in_class_day03) by extension 'ignore_ament_install'
[0.093s] Level 1:colcon.colcon_core.package_identification:_identify(in_class_day03) by extensions ['colcon_pkg']
[0.093s] Level 1:colcon.colcon_core.package_identification:_identify(in_class_day03) by extension 'colcon_pkg'
[0.093s] Level 1:colcon.colcon_core.package_identification:_identify(in_class_day03) by extensions ['colcon_meta']
[0.093s] Level 1:colcon.colcon_core.package_identification:_identify(in_class_day03) by extension 'colcon_meta'
[0.093s] Level 1:colcon.colcon_core.package_identification:_identify(in_class_day03) by extensions ['ros']
[0.093s] Level 1:colcon.colcon_core.package_identification:_identify(in_class_day03) by extension 'ros'
[0.093s] DEBUG:colcon.colcon_core.package_identification:Package 'in_class_day03' with type 'ros.ament_python' and name 'in_class_day03'
[0.093s] Level 1:colcon.colcon_core.package_identification:_identify(in_class_day03_cpp_solutions) by extensions ['ignore', 'ignore_ament_install']
[0.093s] Level 1:colcon.colcon_core.package_identification:_identify(in_class_day03_cpp_solutions) by extension 'ignore'
[0.093s] Level 1:colcon.colcon_core.package_identification:_identify(in_class_day03_cpp_solutions) by extension 'ignore_ament_install'
[0.093s] Level 1:colcon.colcon_core.package_identification:_identify(in_class_day03_cpp_solutions) by extensions ['colcon_pkg']
[0.093s] Level 1:colcon.colcon_core.package_identification:_identify(in_class_day03_cpp_solutions) by extension 'colcon_pkg'
[0.093s] Level 1:colcon.colcon_core.package_identification:_identify(in_class_day03_cpp_solutions) by extensions ['colcon_meta']
[0.093s] Level 1:colcon.colcon_core.package_identification:_identify(in_class_day03_cpp_solutions) by extension 'colcon_meta'
[0.094s] Level 1:colcon.colcon_core.package_identification:_identify(in_class_day03_cpp_solutions) by extensions ['ros']
[0.094s] Level 1:colcon.colcon_core.package_identification:_identify(in_class_day03_cpp_solutions) by extension 'ros'
[0.094s] DEBUG:colcon.colcon_core.package_identification:Package 'in_class_day03_cpp_solutions' with type 'ros.ament_cmake' and name 'in_class_day03_cpp_solutions'
[0.094s] Level 1:colcon.colcon_core.package_identification:_identify(in_class_day03_solutions) by extensions ['ignore', 'ignore_ament_install']
[0.094s] Level 1:colcon.colcon_core.package_identification:_identify(in_class_day03_solutions) by extension 'ignore'
[0.094s] Level 1:colcon.colcon_core.package_identification:_identify(in_class_day03_solutions) by extension 'ignore_ament_install'
[0.094s] Level 1:colcon.colcon_core.package_identification:_identify(in_class_day03_solutions) by extensions ['colcon_pkg']
[0.094s] Level 1:colcon.colcon_core.package_identification:_identify(in_class_day03_solutions) by extension 'colcon_pkg'
[0.094s] Level 1:colcon.colcon_core.package_identification:_identify(in_class_day03_solutions) by extensions ['colcon_meta']
[0.094s] Level 1:colcon.colcon_core.package_identification:_identify(in_class_day03_solutions) by extension 'colcon_meta'
[0.094s] Level 1:colcon.colcon_core.package_identification:_identify(in_class_day03_solutions) by extensions ['ros']
[0.094s] Level 1:colcon.colcon_core.package_identification:_identify(in_class_day03_solutions) by extension 'ros'
[0.094s] DEBUG:colcon.colcon_core.package_identification:Package 'in_class_day03_solutions' with type 'ros.ament_python' and name 'in_class_day03_solutions'
[0.094s] Level 1:colcon.colcon_core.package_identification:_identify(in_class_day04_solutions) by extensions ['ignore', 'ignore_ament_install']
[0.094s] Level 1:colcon.colcon_core.package_identification:_identify(in_class_day04_solutions) by extension 'ignore'
[0.094s] Level 1:colcon.colcon_core.package_identification:_identify(in_class_day04_solutions) by extension 'ignore_ament_install'
[0.094s] Level 1:colcon.colcon_core.package_identification:_identify(in_class_day04_solutions) by extensions ['colcon_pkg']
[0.094s] Level 1:colcon.colcon_core.package_identification:_identify(in_class_day04_solutions) by extension 'colcon_pkg'
[0.094s] Level 1:colcon.colcon_core.package_identification:_identify(in_class_day04_solutions) by extensions ['colcon_meta']
[0.094s] Level 1:colcon.colcon_core.package_identification:_identify(in_class_day04_solutions) by extension 'colcon_meta'
[0.094s] Level 1:colcon.colcon_core.package_identification:_identify(in_class_day04_solutions) by extensions ['ros']
[0.094s] Level 1:colcon.colcon_core.package_identification:_identify(in_class_day04_solutions) by extension 'ros'
[0.095s] DEBUG:colcon.colcon_core.package_identification:Package 'in_class_day04_solutions' with type 'ros.ament_python' and name 'in_class_day04_solutions'
[0.095s] Level 1:colcon.colcon_core.package_identification:_identify(install) by extensions ['ignore', 'ignore_ament_install']
[0.095s] Level 1:colcon.colcon_core.package_identification:_identify(install) by extension 'ignore'
[0.095s] Level 1:colcon.colcon_core.package_identification:_identify(install) ignored
[0.095s] Level 1:colcon.colcon_core.package_identification:_identify(keypoints_and_descriptors) by extensions ['ignore', 'ignore_ament_install']
[0.095s] Level 1:colcon.colcon_core.package_identification:_identify(keypoints_and_descriptors) by extension 'ignore'
[0.095s] Level 1:colcon.colcon_core.package_identification:_identify(keypoints_and_descriptors) by extension 'ignore_ament_install'
[0.095s] Level 1:colcon.colcon_core.package_identification:_identify(keypoints_and_descriptors) by extensions ['colcon_pkg']
[0.095s] Level 1:colcon.colcon_core.package_identification:_identify(keypoints_and_descriptors) by extension 'colcon_pkg'
[0.095s] Level 1:colcon.colcon_core.package_identification:_identify(keypoints_and_descriptors) by extensions ['colcon_meta']
[0.095s] Level 1:colcon.colcon_core.package_identification:_identify(keypoints_and_descriptors) by extension 'colcon_meta'
[0.095s] Level 1:colcon.colcon_core.package_identification:_identify(keypoints_and_descriptors) by extensions ['ros']
[0.095s] Level 1:colcon.colcon_core.package_identification:_identify(keypoints_and_descriptors) by extension 'ros'
[0.095s] Level 1:colcon.colcon_core.package_identification:_identify(keypoints_and_descriptors) by extensions ['cmake', 'python']
[0.095s] Level 1:colcon.colcon_core.package_identification:_identify(keypoints_and_descriptors) by extension 'cmake'
[0.095s] Level 1:colcon.colcon_core.package_identification:_identify(keypoints_and_descriptors) by extension 'python'
[0.095s] Level 1:colcon.colcon_core.package_identification:_identify(keypoints_and_descriptors) by extensions ['python_setup_py']
[0.095s] Level 1:colcon.colcon_core.package_identification:_identify(keypoints_and_descriptors) by extension 'python_setup_py'
[0.095s] Level 1:colcon.colcon_core.package_identification:_identify(keypoints_and_descriptors/images) by extensions ['ignore', 'ignore_ament_install']
[0.095s] Level 1:colcon.colcon_core.package_identification:_identify(keypoints_and_descriptors/images) by extension 'ignore'
[0.095s] Level 1:colcon.colcon_core.package_identification:_identify(keypoints_and_descriptors/images) by extension 'ignore_ament_install'
[0.095s] Level 1:colcon.colcon_core.package_identification:_identify(keypoints_and_descriptors/images) by extensions ['colcon_pkg']
[0.095s] Level 1:colcon.colcon_core.package_identification:_identify(keypoints_and_descriptors/images) by extension 'colcon_pkg'
[0.095s] Level 1:colcon.colcon_core.package_identification:_identify(keypoints_and_descriptors/images) by extensions ['colcon_meta']
[0.095s] Level 1:colcon.colcon_core.package_identification:_identify(keypoints_and_descriptors/images) by extension 'colcon_meta'
[0.095s] Level 1:colcon.colcon_core.package_identification:_identify(keypoints_and_descriptors/images) by extensions ['ros']
[0.095s] Level 1:colcon.colcon_core.package_identification:_identify(keypoints_and_descriptors/images) by extension 'ros'
[0.095s] Level 1:colcon.colcon_core.package_identification:_identify(keypoints_and_descriptors/images) by extensions ['cmake', 'python']
[0.095s] Level 1:colcon.colcon_core.package_identification:_identify(keypoints_and_descriptors/images) by extension 'cmake'
[0.095s] Level 1:colcon.colcon_core.package_identification:_identify(keypoints_and_descriptors/images) by extension 'python'
[0.095s] Level 1:colcon.colcon_core.package_identification:_identify(keypoints_and_descriptors/images) by extensions ['python_setup_py']
[0.095s] Level 1:colcon.colcon_core.package_identification:_identify(keypoints_and_descriptors/images) by extension 'python_setup_py'
[0.095s] Level 1:colcon.colcon_core.package_identification:_identify(log) by extensions ['ignore', 'ignore_ament_install']
[0.095s] Level 1:colcon.colcon_core.package_identification:_identify(log) by extension 'ignore'
[0.095s] Level 1:colcon.colcon_core.package_identification:_identify(log) ignored
[0.095s] Level 1:colcon.colcon_core.package_identification:_identify(multi_neato) by extensions ['ignore', 'ignore_ament_install']
[0.096s] Level 1:colcon.colcon_core.package_identification:_identify(multi_neato) by extension 'ignore'
[0.096s] Level 1:colcon.colcon_core.package_identification:_identify(multi_neato) by extension 'ignore_ament_install'
[0.096s] Level 1:colcon.colcon_core.package_identification:_identify(multi_neato) by extensions ['colcon_pkg']
[0.096s] Level 1:colcon.colcon_core.package_identification:_identify(multi_neato) by extension 'colcon_pkg'
[0.096s] Level 1:colcon.colcon_core.package_identification:_identify(multi_neato) by extensions ['colcon_meta']
[0.096s] Level 1:colcon.colcon_core.package_identification:_identify(multi_neato) by extension 'colcon_meta'
[0.096s] Level 1:colcon.colcon_core.package_identification:_identify(multi_neato) by extensions ['ros']
[0.096s] Level 1:colcon.colcon_core.package_identification:_identify(multi_neato) by extension 'ros'
[0.096s] DEBUG:colcon.colcon_core.package_identification:Package 'multi_neato' with type 'ros.ament_python' and name 'multi_neato'
[0.096s] Level 1:colcon.colcon_core.package_identification:_identify(neato_soccer) by extensions ['ignore', 'ignore_ament_install']
[0.096s] Level 1:colcon.colcon_core.package_identification:_identify(neato_soccer) by extension 'ignore'
[0.096s] Level 1:colcon.colcon_core.package_identification:_identify(neato_soccer) by extension 'ignore_ament_install'
[0.096s] Level 1:colcon.colcon_core.package_identification:_identify(neato_soccer) by extensions ['colcon_pkg']
[0.096s] Level 1:colcon.colcon_core.package_identification:_identify(neato_soccer) by extension 'colcon_pkg'
[0.096s] Level 1:colcon.colcon_core.package_identification:_identify(neato_soccer) by extensions ['colcon_meta']
[0.096s] Level 1:colcon.colcon_core.package_identification:_identify(neato_soccer) by extension 'colcon_meta'
[0.096s] Level 1:colcon.colcon_core.package_identification:_identify(neato_soccer) by extensions ['ros']
[0.096s] Level 1:colcon.colcon_core.package_identification:_identify(neato_soccer) by extension 'ros'
[0.096s] DEBUG:colcon.colcon_core.package_identification:Package 'neato_soccer' with type 'ros.ament_python' and name 'neato_soccer'
[0.096s] Level 1:colcon.colcon_core.package_identification:_identify(sample_node_architectures) by extensions ['ignore', 'ignore_ament_install']
[0.096s] Level 1:colcon.colcon_core.package_identification:_identify(sample_node_architectures) by extension 'ignore'
[0.096s] Level 1:colcon.colcon_core.package_identification:_identify(sample_node_architectures) by extension 'ignore_ament_install'
[0.096s] Level 1:colcon.colcon_core.package_identification:_identify(sample_node_architectures) by extensions ['colcon_pkg']
[0.096s] Level 1:colcon.colcon_core.package_identification:_identify(sample_node_architectures) by extension 'colcon_pkg'
[0.096s] Level 1:colcon.colcon_core.package_identification:_identify(sample_node_architectures) by extensions ['colcon_meta']
[0.096s] Level 1:colcon.colcon_core.package_identification:_identify(sample_node_architectures) by extension 'colcon_meta'
[0.096s] Level 1:colcon.colcon_core.package_identification:_identify(sample_node_architectures) by extensions ['ros']
[0.096s] Level 1:colcon.colcon_core.package_identification:_identify(sample_node_architectures) by extension 'ros'
[0.097s] DEBUG:colcon.colcon_core.package_identification:Package 'sample_node_architectures' with type 'ros.ament_python' and name 'sample_node_architectures'
[0.097s] Level 1:colcon.colcon_core.package_identification:_identify(simple_filter) by extensions ['ignore', 'ignore_ament_install']
[0.097s] Level 1:colcon.colcon_core.package_identification:_identify(simple_filter) by extension 'ignore'
[0.097s] Level 1:colcon.colcon_core.package_identification:_identify(simple_filter) by extension 'ignore_ament_install'
[0.097s] Level 1:colcon.colcon_core.package_identification:_identify(simple_filter) by extensions ['colcon_pkg']
[0.097s] Level 1:colcon.colcon_core.package_identification:_identify(simple_filter) by extension 'colcon_pkg'
[0.097s] Level 1:colcon.colcon_core.package_identification:_identify(simple_filter) by extensions ['colcon_meta']
[0.097s] Level 1:colcon.colcon_core.package_identification:_identify(simple_filter) by extension 'colcon_meta'
[0.097s] Level 1:colcon.colcon_core.package_identification:_identify(simple_filter) by extensions ['ros']
[0.097s] Level 1:colcon.colcon_core.package_identification:_identify(simple_filter) by extension 'ros'
[0.097s] DEBUG:colcon.colcon_core.package_identification:Package 'simple_filter' with type 'ros.ament_cmake' and name 'simple_filter'
[0.097s] Level 1:colcon.colcon_core.package_discovery:discover_packages(recursive) using defaults
[0.097s] Level 1:colcon.colcon_core.package_discovery:discover_packages(ignore) discover
[0.097s] Level 1:colcon.colcon_core.package_discovery:discover_packages(ignore) using defaults
[0.097s] Level 1:colcon.colcon_core.package_discovery:discover_packages(path) discover
[0.097s] Level 1:colcon.colcon_core.package_discovery:discover_packages(path) using defaults
[0.108s] INFO:colcon.colcon_core.package_selection:Skipping not selected package 'draw_square_with_estop' in 'draw_square_with_estop'
[0.108s] INFO:colcon.colcon_core.package_selection:Skipping not selected package 'draw_square_with_estop_cplusplus' in 'draw_square_with_estop_cplusplus'
[0.108s] INFO:colcon.colcon_core.package_selection:Skipping not selected package 'in_class_day02' in 'in_class_day02'
[0.108s] INFO:colcon.colcon_core.package_selection:Skipping not selected package 'in_class_day02_solutions' in 'in_class_day02_solutions'
[0.108s] INFO:colcon.colcon_core.package_selection:Skipping not selected package 'in_class_day03_cpp_solutions' in 'in_class_day03_cpp_solutions'
[0.108s] INFO:colcon.colcon_core.package_selection:Skipping not selected package 'in_class_day03_solutions' in 'in_class_day03_solutions'
[0.108s] INFO:colcon.colcon_core.package_selection:Skipping not selected package 'in_class_day04_solutions' in 'in_class_day04_solutions'
[0.108s] INFO:colcon.colcon_core.package_selection:Skipping not selected package 'multi_neato' in 'multi_neato'
[0.108s] INFO:colcon.colcon_core.package_selection:Skipping not selected package 'neato_soccer' in 'neato_soccer'
[0.108s] INFO:colcon.colcon_core.package_selection:Skipping not selected package 'sample_node_architectures' in 'sample_node_architectures'
[0.108s] INFO:colcon.colcon_core.package_selection:Skipping not selected package 'simple_filter' in 'simple_filter'
[0.108s] Level 1:colcon.colcon_core.package_discovery:discover_packages(prefix_path) check parameters
[0.108s] Level 1:colcon.colcon_core.package_discovery:discover_packages(prefix_path) discover
[0.109s] WARNING:colcon.colcon_ros.prefix_path.ament:The path '/home/aditilagisetty/ros2_ws/install/in_class_day03' in the environment variable AMENT_PREFIX_PATH doesn't exist
[0.110s] DEBUG:colcon.colcon_installed_package_information.package_discovery:Found 15 installed packages in /home/aditilagisetty/ros2_ws/install
[0.111s] DEBUG:colcon.colcon_installed_package_information.package_discovery:Found 395 installed packages in /opt/ros/jazzy
[0.112s] Level 1:colcon.colcon_core.package_discovery:discover_packages(prefix_path) using defaults
[0.136s] Level 5:colcon.colcon_core.verb:set package 'in_class_day03' build argument 'cmake_args' from command line to 'None'
[0.136s] Level 5:colcon.colcon_core.verb:set package 'in_class_day03' build argument 'cmake_target' from command line to 'None'
[0.136s] Level 5:colcon.colcon_core.verb:set package 'in_class_day03' build argument 'cmake_target_skip_unavailable' from command line to 'False'
[0.136s] Level 5:colcon.colcon_core.verb:set package 'in_class_day03' build argument 'cmake_clean_cache' from command line to 'False'
[0.136s] Level 5:colcon.colcon_core.verb:set package 'in_class_day03' build argument 'cmake_clean_first' from command line to 'False'
[0.136s] Level 5:colcon.colcon_core.verb:set package 'in_class_day03' build argument 'cmake_force_configure' from command line to 'False'
[0.136s] Level 5:colcon.colcon_core.verb:set package 'in_class_day03' build argument 'ament_cmake_args' from command line to 'None'
[0.136s] Level 5:colcon.colcon_core.verb:set package 'in_class_day03' build argument 'catkin_cmake_args' from command line to 'None'
[0.136s] Level 5:colcon.colcon_core.verb:set package 'in_class_day03' build argument 'catkin_skip_building_tests' from command line to 'False'
[0.136s] DEBUG:colcon.colcon_core.verb:Building package 'in_class_day03' with the following arguments: {'ament_cmake_args': None, 'build_base': '/home/aditilagisetty/ros2_ws/src/class_activities_and_resources/build/in_class_day03', 'catkin_cmake_args': None, 'catkin_skip_building_tests': False, 'cmake_args': None, 'cmake_clean_cache': False, 'cmake_clean_first': False, 'cmake_force_configure': False, 'cmake_target': None, 'cmake_target_skip_unavailable': False, 'install_base': '/home/aditilagisetty/ros2_ws/src/class_activities_and_resources/install/in_class_day03', 'merge_install': False, 'path': '/home/aditilagisetty/ros2_ws/src/class_activities_and_resources/in_class_day03', 'symlink_install': True, 'test_result_base': None}
[0.136s] INFO:colcon.colcon_core.executor:Executing jobs using 'parallel' executor
[0.137s] DEBUG:colcon.colcon_parallel_executor.executor.parallel:run_until_complete
[0.138s] INFO:colcon.colcon_ros.task.ament_python.build:Building ROS package in '/home/aditilagisetty/ros2_ws/src/class_activities_and_resources/in_class_day03' with build type 'ament_python'
[0.138s] Level 1:colcon.colcon_core.shell:create_environment_hook('in_class_day03', 'ament_prefix_path')
[0.141s] INFO:colcon.colcon_core.plugin_system:Skipping extension 'colcon_core.shell.bat': Not used on non-Windows systems
[0.141s] INFO:colcon.colcon_core.shell:Creating environment hook '/home/aditilagisetty/ros2_ws/src/class_activities_and_resources/install/in_class_day03/share/in_class_day03/hook/ament_prefix_path.ps1'
[0.141s] INFO:colcon.colcon_core.shell:Creating environment descriptor '/home/aditilagisetty/ros2_ws/src/class_activities_and_resources/install/in_class_day03/share/in_class_day03/hook/ament_prefix_path.dsv'
[0.142s] INFO:colcon.colcon_core.shell:Creating environment hook '/home/aditilagisetty/ros2_ws/src/class_activities_and_resources/install/in_class_day03/share/in_class_day03/hook/ament_prefix_path.sh'
[0.142s] INFO:colcon.colcon_core.shell:Skip shell extension 'powershell' for command environment: Not usable outside of PowerShell
[0.142s] DEBUG:colcon.colcon_core.shell:Skip shell extension 'dsv' for command environment
[0.303s] INFO:colcon.colcon_core.task.python.build:Building Python package in '/home/aditilagisetty/ros2_ws/src/class_activities_and_resources/in_class_day03'
[0.303s] INFO:colcon.colcon_core.shell:Skip shell extension 'powershell' for command environment: Not usable outside of PowerShell
[0.303s] DEBUG:colcon.colcon_core.shell:Skip shell extension 'dsv' for command environment
[0.610s] DEBUG:colcon.colcon_core.task.python.build:Available setuptools commands: build_clib, saveopts, compile_catalog, egg_info, symlink_data, check, install_data, install_scripts, sdist, easy_install, install, bdist, bdist_wheel, setopt, register, build, test, rotate, clean, upload_docs, build_ext, init_catalog, upload, build_py, install_headers, editable_wheel, update_catalog, build_scripts, dist_info, bdist_egg, install_lib, extract_messages, bdist_dumb, alias, develop, install_egg_info, bdist_rpm
[0.812s] DEBUG:colcon.colcon_core.task.python.build:Available setuptools 'develop' options: --upgrade, --force-installation-into-system-dir, --no-user-cfg, --zip-ok, --always-copy, --index-url, --help, --egg-path, --quiet, --dry-run, --build-directory, --verbose, --multi-version, --no-find-links, --exclude-scripts, --install-layout, --prefix, --user, --record, --always-unzip, --find-links, --optimize, --install-dir, --no-deps, --allow-hosts, --script-dir, --uninstall, --version, --editable, --site-dirs, --local-snapshots-ok
[0.814s] DEBUG:colcon.colcon_core.event_handler.log_command:Invoking command in '/home/aditilagisetty/ros2_ws/src/class_activities_and_resources/build/in_class_day03': DEBUGINFOD_URLS=https://debuginfod.ubuntu.com PYTHONPATH=/home/aditilagisetty/ros2_ws/src/class_activities_and_resources/build/in_class_day03/prefix_override:/usr/lib/python3/dist-packages/colcon_core/task/python/colcon_distutils_commands:/home/aditilagisetty/ros2_ws/src/class_activities_and_resources/install/in_class_day03/lib/python3.12/site-packages:${PYTHONPATH} /usr/bin/python3 -W ignore:setup.py install is deprecated -W ignore:easy_install command is deprecated setup.py develop --editable --build-directory /home/aditilagisetty/ros2_ws/src/class_activities_and_resources/build/in_class_day03/build --no-deps symlink_data
[1.154s] Level 1:colcon.colcon_core.shell:create_environment_hook('in_class_day03', 'pythonpath_develop')
[1.155s] INFO:colcon.colcon_core.shell:Creating environment hook '/home/aditilagisetty/ros2_ws/src/class_activities_and_resources/build/in_class_day03/share/in_class_day03/hook/pythonpath_develop.ps1'
[1.155s] DEBUG:colcon.colcon_core.event_handler.log_command:Invoked command in '/home/aditilagisetty/ros2_ws/src/class_activities_and_resources/build/in_class_day03' returned '0': DEBUGINFOD_URLS=https://debuginfod.ubuntu.com PYTHONPATH=/home/aditilagisetty/ros2_ws/src/class_activities_and_resources/build/in_class_day03/prefix_override:/usr/lib/python3/dist-packages/colcon_core/task/python/colcon_distutils_commands:/home/aditilagisetty/ros2_ws/src/class_activities_and_resources/install/in_class_day03/lib/python3.12/site-packages:${PYTHONPATH} /usr/bin/python3 -W ignore:setup.py install is deprecated -W ignore:easy_install command is deprecated setup.py develop --editable --build-directory /home/aditilagisetty/ros2_ws/src/class_activities_and_resources/build/in_class_day03/build --no-deps symlink_data
[1.156s] INFO:colcon.colcon_core.shell:Creating environment descriptor '/home/aditilagisetty/ros2_ws/src/class_activities_and_resources/build/in_class_day03/share/in_class_day03/hook/pythonpath_develop.dsv'
[1.157s] INFO:colcon.colcon_core.shell:Creating environment hook '/home/aditilagisetty/ros2_ws/src/class_activities_and_resources/build/in_class_day03/share/in_class_day03/hook/pythonpath_develop.sh'
[1.162s] Level 1:colcon.colcon_core.environment:checking '/home/aditilagisetty/ros2_ws/src/class_activities_and_resources/install/in_class_day03' for CMake module files
[1.162s] Level 1:colcon.colcon_core.environment:checking '/home/aditilagisetty/ros2_ws/src/class_activities_and_resources/install/in_class_day03' for CMake config files
[1.163s] Level 1:colcon.colcon_core.environment:checking '/home/aditilagisetty/ros2_ws/src/class_activities_and_resources/install/in_class_day03/lib'
[1.164s] Level 1:colcon.colcon_core.environment:checking '/home/aditilagisetty/ros2_ws/src/class_activities_and_resources/install/in_class_day03/bin'
[1.164s] Level 1:colcon.colcon_core.environment:checking '/home/aditilagisetty/ros2_ws/src/class_activities_and_resources/install/in_class_day03/lib/pkgconfig/in_class_day03.pc'
[1.164s] Level 1:colcon.colcon_core.environment:checking '/home/aditilagisetty/ros2_ws/src/class_activities_and_resources/install/in_class_day03/lib/python3.12/site-packages'
[1.164s] Level 1:colcon.colcon_core.shell:create_environment_hook('in_class_day03', 'pythonpath')
[1.165s] INFO:colcon.colcon_core.shell:Creating environment hook '/home/aditilagisetty/ros2_ws/src/class_activities_and_resources/install/in_class_day03/share/in_class_day03/hook/pythonpath.ps1'
[1.165s] INFO:colcon.colcon_core.shell:Creating environment descriptor '/home/aditilagisetty/ros2_ws/src/class_activities_and_resources/install/in_class_day03/share/in_class_day03/hook/pythonpath.dsv'
[1.166s] INFO:colcon.colcon_core.shell:Creating environment hook '/home/aditilagisetty/ros2_ws/src/class_activities_and_resources/install/in_class_day03/share/in_class_day03/hook/pythonpath.sh'
[1.167s] Level 1:colcon.colcon_core.environment:checking '/home/aditilagisetty/ros2_ws/src/class_activities_and_resources/install/in_class_day03/bin'
[1.167s] Level 1:colcon.colcon_core.environment:create_environment_scripts_only(in_class_day03)
[1.167s] INFO:colcon.colcon_core.shell:Creating package script '/home/aditilagisetty/ros2_ws/src/class_activities_and_resources/install/in_class_day03/share/in_class_day03/package.ps1'
[1.168s] INFO:colcon.colcon_core.shell:Creating package descriptor '/home/aditilagisetty/ros2_ws/src/class_activities_and_resources/install/in_class_day03/share/in_class_day03/package.dsv'
[1.169s] INFO:colcon.colcon_core.shell:Creating package script '/home/aditilagisetty/ros2_ws/src/class_activities_and_resources/install/in_class_day03/share/in_class_day03/package.sh'
[1.170s] INFO:colcon.colcon_core.shell:Creating package script '/home/aditilagisetty/ros2_ws/src/class_activities_and_resources/install/in_class_day03/share/in_class_day03/package.bash'
[1.170s] INFO:colcon.colcon_core.shell:Creating package script '/home/aditilagisetty/ros2_ws/src/class_activities_and_resources/install/in_class_day03/share/in_class_day03/package.zsh'
[1.171s] Level 1:colcon.colcon_core.environment:create_file_with_runtime_dependencies(/home/aditilagisetty/ros2_ws/src/class_activities_and_resources/install/in_class_day03/share/colcon-core/packages/in_class_day03)
[1.171s] DEBUG:colcon.colcon_parallel_executor.executor.parallel:closing loop
[1.171s] DEBUG:colcon.colcon_parallel_executor.executor.parallel:loop closed
[1.172s] DEBUG:colcon.colcon_parallel_executor.executor.parallel:run_until_complete finished with '0'
[1.172s] DEBUG:colcon.colcon_core.event_reactor:joining thread
[1.177s] INFO:colcon.colcon_core.plugin_system:Skipping extension 'colcon_notification.desktop_notification.terminal_notifier': Not used on non-Darwin systems
[1.177s] INFO:colcon.colcon_core.plugin_system:Skipping extension 'colcon_notification.desktop_notification.win32': Not used on non-Windows systems
[1.178s] INFO:colcon.colcon_notification.desktop_notification:Sending desktop notification using 'notify2'
[1.197s] DEBUG:colcon.colcon_core.event_reactor:joined thread
[1.198s] INFO:colcon.colcon_core.shell:Creating prefix script '/home/aditilagisetty/ros2_ws/src/class_activities_and_resources/install/local_setup.ps1'
[1.198s] INFO:colcon.colcon_core.shell:Creating prefix util module '/home/aditilagisetty/ros2_ws/src/class_activities_and_resources/install/_local_setup_util_ps1.py'
[1.199s] INFO:colcon.colcon_core.shell:Creating prefix chain script '/home/aditilagisetty/ros2_ws/src/class_activities_and_resources/install/setup.ps1'
[1.200s] INFO:colcon.colcon_core.shell:Creating prefix script '/home/aditilagisetty/ros2_ws/src/class_activities_and_resources/install/local_setup.sh'
[1.200s] INFO:colcon.colcon_core.shell:Creating prefix util module '/home/aditilagisetty/ros2_ws/src/class_activities_and_resources/install/_local_setup_util_sh.py'
[1.200s] INFO:colcon.colcon_core.shell:Creating prefix chain script '/home/aditilagisetty/ros2_ws/src/class_activities_and_resources/install/setup.sh'
[1.201s] INFO:colcon.colcon_core.shell:Creating prefix script '/home/aditilagisetty/ros2_ws/src/class_activities_and_resources/install/local_setup.bash'
[1.201s] INFO:colcon.colcon_core.shell:Creating prefix chain script '/home/aditilagisetty/ros2_ws/src/class_activities_and_resources/install/setup.bash'
[1.202s] INFO:colcon.colcon_core.shell:Creating prefix script '/home/aditilagisetty/ros2_ws/src/class_activities_and_resources/install/local_setup.zsh'
[1.202s] INFO:colcon.colcon_core.shell:Creating prefix chain script '/home/aditilagisetty/ros2_ws/src/class_activities_and_resources/install/setup.zsh'
